
> pulse_map@0.1.0 build
> next build

   Ôû▓ Next.js 16.0.3 (Turbopack)
   - Environments: .env.local, .env

   Creating an optimized production build ...
 Ô£ô Compiled successfully in 2.4s
   Running TypeScript ...
   Collecting page data using 5 workers ...
node.exe : TypeError: Cannot read 
properties of undefined (reading 
'__internal')
At line:1 char:1
+ & "C:\Program Files\nodejs/node.exe" 
"C:\Users\milin\AppData\Roaming\ ...
+ ~~~~~~~~~~~~~~~~~~~~~~~~~~~~~~~~~~~~~
~~~~~~~~~~~~~~~~~~~~~~~~~~~~~~~~
    + CategoryInfo          : NotSpeci 
   fied: (TypeError: Cann...g '__inte  
  rnal'):String) [], RemoteException
    + FullyQualifiedErrorId : NativeCo 
   mmandError
 
    at module evaluation (E:\projects\p
ulse_map\.next\server\chunks\[root-of-t
he-server]__8af2c8c8._.js:404:61138)
    at instantiateModule (E:\projects\p
ulse_map\.next\server\chunks\[turbopack
]_runtime.js:715:9)
    at 
getOrInstantiateModuleFromParent (E:\pr
ojects\pulse_map\.next\server\chunks\[t
urbopack]_runtime.js:738:12)
    at Context.esmImport [as i] (E:\pro
jects\pulse_map\.next\server\chunks\[tu
rbopack]_runtime.js:228:20)
    at module evaluation (E:\projects\p
ulse_map\.next\server\chunks\[root-of-t
he-server]__515d0092._.js:1:1454)
    at instantiateModule (E:\projects\p
ulse_map\.next\server\chunks\[turbopack
]_runtime.js:715:9)
    at instantiateRuntimeModule (E:\pro
jects\pulse_map\.next\server\chunks\[tu
rbopack]_runtime.js:743:12)
    at getOrInstantiateRuntimeModule (E
:\projects\pulse_map\.next\server\chunk
s\[turbopack]_runtime.js:756:12)
    at Object.m (E:\projects\pulse_map\
.next\server\chunks\[turbopack]_runtime
.js:765:18)
TypeError: Cannot read properties of 
undefined (reading '__internal')
    at module evaluation (E:\projects\p
ulse_map\.next\server\chunks\[root-of-t
he-server]__8af2c8c8._.js:404:61138)
    at instantiateModule (E:\projects\p
ulse_map\.next\server\chunks\[turbopack
]_runtime.js:715:9)
    at 
getOrInstantiateModuleFromParent (E:\pr
ojects\pulse_map\.next\server\chunks\[t
urbopack]_runtime.js:738:12)
    at Context.esmImport [as i] (E:\pro
jects\pulse_map\.next\server\chunks\[tu
rbopack]_runtime.js:228:20)
    at module evaluation (E:\projects\p
ulse_map\.next\server\chunks\[root-of-t
he-server]__087412b1._.js:1:1438)
    at instantiateModule (E:\projects\p
ulse_map\.next\server\chunks\[turbopack
]_runtime.js:715:9)
    at instantiateRuntimeModule (E:\pro
jects\pulse_map\.next\server\chunks\[tu
rbopack]_runtime.js:743:12)
    at getOrInstantiateRuntimeModule (E
:\projects\pulse_map\.next\server\chunk
s\[turbopack]_runtime.js:756:12)
    at Object.m (E:\projects\pulse_map\
.next\server\chunks\[turbopack]_runtime
.js:765:18)

> Build error occurred
Error: Failed to collect page data for 
/api/auth/[...nextauth]
    at ignore-listed frames {
  type: 'Error'
}
